{"code":0,"msg":"success","data":{"new_info":"message"}}