<a href="/api/v1/Biz/query?offset=0&amp;limit=10">Moved Permanently</a>.

