{"code":10,"msg":"offset error err: strconv.Atoi: parsing \"a\": invalid syntax"}