{"code":10,"msg":"msg: id; not found, set id and retry err: err is nil"}