{"code":0,"msg":"success","data":{"post_form_content":{"id":"id123zqqeeadg24qasd","info":"input info here","limit":"10","offset":"0"}}}