{"info":"input info here","id":"foo","offset":1,"limit":10}