{"code":0,"msg":"success","data":{"ContentDisposition":"","Name":"test1.txt","FileName":"","ContentType":"application/octet-stream","ContentLength":8}}