<a href="/api/v1/biz/query?offset=0&amp;limit=10">Moved Permanently</a>.

