{"code":10,"msg":"limit error err: strconv.Atoi: parsing \"abc\": invalid syntax"}